<html>
<body>
<pre>
<h1>µVision Build Log</h1>
<h2>Project:</h2>
C:\Users\ADMIN\Desktop\OnTapThucHanhnhung\PWM\Bai1\Bai1.uvproj
Project File Date:  11/16/2020

<h2>Output:</h2>
Rebuild target 'Target 1'
assembling Startup.s...
compiling main.c...
main.c(12): warning:  #1-D: last line of file ends without a newline
linking...
Program Size: Code=904 RO-data=16 RW-data=0 ZI-data=352  
".\Bai1.axf" - 0 Errors, 1 Warning(s).
Rebuild target 'Target 1'
assembling Startup.s...
compiling main.c...
main.c(25): warning:  #1-D: last line of file ends without a newline
linking...
Program Size: Code=1736 RO-data=172 RW-data=0 ZI-data=352  
".\Bai1.axf" - 0 Errors, 1 Warning(s).
Rebuild target 'Target 1'
assembling Startup.s...
compiling main.c...
main.c(25): warning:  #1-D: last line of file ends without a newline
linking...
Program Size: Code=1736 RO-data=172 RW-data=0 ZI-data=352  
FromELF: creating hex file...
".\Bai1.axf" - 0 Errors, 1 Warning(s).
Rebuild target 'Target 1'
assembling Startup.s...
compiling main.c...
main.c(31): warning:  #1-D: last line of file ends without a newline
linking...
Program Size: Code=1792 RO-data=172 RW-data=0 ZI-data=352  
FromELF: creating hex file...
".\Bai1.axf" - 0 Errors, 1 Warning(s).
